#
# There is insufficient memory for the Java Runtime Environment to continue.
# Native memory allocation (malloc) failed to allocate 276816 bytes. Error detail: Chunk::new
# Possible reasons:
#   The system is out of physical RAM or swap space
#   This process is running with CompressedOops enabled, and the Java Heap may be blocking the growth of the native heap
# Possible solutions:
#   Reduce memory load on the system
#   Increase physical memory or swap space
#   Check if swap backing store is full
#   Decrease Java heap size (-Xmx/-Xms)
#   Decrease number of Java threads
#   Decrease Java thread stack sizes (-Xss)
#   Set larger code cache with -XX:ReservedCodeCacheSize=
#   JVM is running with Unscaled Compressed Oops mode in which the Java heap is
#     placed in the first 4GB address space. The Java Heap base address is the
#     maximum limit for the native heap growth. Please use -XX:HeapBaseMinAddress
#     to set the Java Heap base and to place the Java Heap above 4GB virtual address.
# This output file may be truncated or incomplete.
#
#  Out of Memory Error (arena.cpp:168), pid=13040, tid=1648
#
# JRE version: OpenJDK Runtime Environment Temurin-21.0.12.1+1 (21.0.12.1+1) (build 21.0.12.1+1-LTS)
# Java VM: OpenJDK 64-Bit Server VM Temurin-21.0.12.1+1 (21.0.12.1+1-LTS, mixed mode, sharing, tiered, compressed oops, compressed class ptrs, parallel gc, windows-amd64)
# No core dump will be written. Minidumps are not enabled by default on client versions of Windows
#

---------------  S U M M A R Y ------------

Command Line: --add-modules=ALL-SYSTEM --add-opens=java.base/java.util=ALL-UNNAMED --add-opens=java.base/java.lang=ALL-UNNAMED --add-opens=java.base/sun.nio.fs=ALL-UNNAMED -Declipse.application=org.eclipse.jdt.ls.core.id1 -Dosgi.bundles.defaultStartLevel=4 -Declipse.product=org.eclipse.jdt.ls.core.product -Djava.import.generatesMetadataFilesAtProjectRoot=false -Dm2e.project.cache.size=50 -DDetectVMInstallationsJob.disabled=true -Dfile.encoding=utf8 -XX:+UseParallelGC -XX:GCTimeRatio=4 -XX:AdaptiveSizePolicyWeight=90 -Dsun.zip.disableMemoryMapping=true -Xmx2G -Xms100m -Xlog:disable -javaagent:c:\Users\Admin\.vscode\extensions\redhat.java-1.56.0-win32-x64\lombok\lombok-1.18.39-4050.jar c:\Users\Admin\.vscode\extensions\redhat.java-1.56.0-win32-x64\server\plugins\org.eclipse.equinox.launcher_1.8.0.v20260804-1928.jar -configuration c:\Users\Admin\AppData\Roaming\Code\User\globalStorage\redhat.java\1.56.0\config_ss_win -data c:\Users\Admin\AppData\Roaming\Code\User\workspaceStorage\97314a5c7897db1cb834ce774151fa08\redhat.java\ss_ws --pipe=\\.\pipe\lsp-4944be6599af80743f2a1172f2ada0d5-sock

Host: AMD Ryzen 5 4600H with Radeon Graphics         , 12 cores, 7G,  Windows 11 , 64 bit Build 26100 (10.0.26100.9549)
Time: Sun Oct  4 20:14:11 2026 Eastern Daylight Time elapsed time: 8.631002 seconds (0d 0h 0m 8s)

---------------  T H R E A D  ---------------

Current thread (0x000001bbbd75dbc0):  JavaThread "C2 CompilerThread0" daemon [_thread_in_native, id=1648, stack(0x0000005c4ad00000,0x0000005c4ae00000) (1024K)]


Current CompileTask:
C2:8631 1376       4       jdk.internal.jimage.ImageLocation::verify (218 bytes)

Stack: [0x0000005c4ad00000,0x0000005c4ae00000]
Native frames: (J=compiled Java code, j=interpreted, Vv=VM code, C=native code)
V  [jvm.dll+0x6d83e9]
V  [jvm.dll+0x8b5736]
V  [jvm.dll+0x8b7cee]
V  [jvm.dll+0x8b83d3]
V  [jvm.dll+0x284596]
V  [jvm.dll+0xc685d]
V  [jvm.dll+0xc6da1]
V  [jvm.dll+0x2fb5ae]
V  [jvm.dll+0x5fee94]
V  [jvm.dll+0x255d67]
V  [jvm.dll+0x25612d]
V  [jvm.dll+0x24e6a0]
V  [jvm.dll+0x24bbe6]
V  [jvm.dll+0x1cb4ae]
V  [jvm.dll+0x25baad]
V  [jvm.dll+0x25a03a]
V  [jvm.dll+0x3f8aae]
V  [jvm.dll+0x8600cd]
V  [jvm.dll+0x6d6c1d]
C  [ucrtbase.dll+0x2cd30]
C  [KERNEL32.DLL+0x2cdf7]
C  [ntdll.dll+0x7ee4c]


---------------  P R O C E S S  ---------------

Threads class SMR info:
_java_thread_list=0x000001bc1759d9b0, length=12, elements={
0x000001bbbb42d320, 0x000001bbbd750fd0, 0x000001bbbd7542c0, 0x000001bbbd758850,
0x000001bbbd7594b0, 0x000001bbbd75c320, 0x000001bbbd75cd80, 0x000001bbbd75dbc0,
0x000001bbbd769b20, 0x000001bc16795a20, 0x000001bc168da970, 0x000001bc1692c2a0
}

Java Threads: ( => current thread )
  0x000001bbbb42d320 JavaThread "main"                              [_thread_in_Java, id=17320, stack(0x0000005c4a300000,0x0000005c4a400000) (1024K)]
  0x000001bbbd750fd0 JavaThread "Reference Handler"          daemon [_thread_blocked, id=36260, stack(0x0000005c4a700000,0x0000005c4a800000) (1024K)]
  0x000001bbbd7542c0 JavaThread "Finalizer"                  daemon [_thread_blocked, id=24044, stack(0x0000005c4a800000,0x0000005c4a900000) (1024K)]
  0x000001bbbd758850 JavaThread "Signal Dispatcher"          daemon [_thread_blocked, id=22492, stack(0x0000005c4a900000,0x0000005c4aa00000) (1024K)]
  0x000001bbbd7594b0 JavaThread "Attach Listener"            daemon [_thread_blocked, id=29996, stack(0x0000005c4aa00000,0x0000005c4ab00000) (1024K)]
  0x000001bbbd75c320 JavaThread "Service Thread"             daemon [_thread_blocked, id=33916, stack(0x0000005c4ab00000,0x0000005c4ac00000) (1024K)]
  0x000001bbbd75cd80 JavaThread "Monitor Deflation Thread"   daemon [_thread_blocked, id=33920, stack(0x0000005c4ac00000,0x0000005c4ad00000) (1024K)]
=>0x000001bbbd75dbc0 JavaThread "C2 CompilerThread0"         daemon [_thread_in_native, id=1648, stack(0x0000005c4ad00000,0x0000005c4ae00000) (1024K)]
  0x000001bbbd769b20 JavaThread "C1 CompilerThread0"         daemon [_thread_in_vm, id=1200, stack(0x0000005c4ae00000,0x0000005c4af00000) (1024K)]
  0x000001bc16795a20 JavaThread "Common-Cleaner"             daemon [_thread_blocked, id=36800, stack(0x0000005c4b000000,0x0000005c4b100000) (1024K)]
  0x000001bc168da970 JavaThread "Notification Thread"        daemon [_thread_blocked, id=35892, stack(0x0000005c4af00000,0x0000005c4b000000) (1024K)]
  0x000001bc1692c2a0 
[error occurred during error reporting (printing all threads), id 0xc0000005, EXCEPTION_ACCESS_VIOLATION (0xc0000005) at pc=0x0000000000000000]
VM state: not at safepoint (normal execution)

VM Mutex/Monitor currently owned by a thread: None

Heap address: 0x0000000080000000, size: 2048 MB, Compressed Oops mode: 32-bit

CDS archive(s) mapped at: [0x000001bbd4000000-0x000001bbd4ba0000-0x000001bbd4ba0000), size 12189696, SharedBaseAddress: 0x000001bbd4000000, ArchiveRelocationMode: 1.
Compressed class space mapped at: 0x000001bbd5000000-0x000001bc15000000, reserved size: 1073741824
Narrow klass base: 0x000001bbd4000000, Narrow klass shift: 0, Narrow klass range: 0x100000000

GC Precious Log:
 CardTable entry size: 512
 CPUs: 12 total, 12 available
 Memory: 7549M
 Large Page Support: Disabled
 NUMA Support: Disabled
 Compressed Oops: Enabled (32-bit)
 Alignments: Space 512K, Generation 512K, Heap 2M
 Heap Min Capacity: 100M
 Heap Initial Capacity: 100M
 Heap Max Capacity: 2G
 Pre-touch: Disabled
 Parallel Workers: 10

Heap:
 PSYoungGen      total 29696K, used 17047K [0x00000000d5580000, 0x00000000d7680000, 0x0000000100000000)
  eden space 25600K, 53% used [0x00000000d5580000,0x00000000d62f3dd0,0x00000000d6e80000)
  from space 4096K, 79% used [0x00000000d6e80000,0x00000000d71b1e98,0x00000000d7280000)
  to   space 4096K, 0% used [0x00000000d7280000,0x00000000d7280000,0x00000000d7680000)
 ParOldGen       total 68608K, used 16K [0x0000000080000000, 0x0000000084300000, 0x00000000d5580000)
  object space 68608K, 0% used [0x0000000080000000,0x0000000080004000,0x0000000084300000)
 Metaspace       used 6605K, committed 6912K, reserved 1114112K
  class space    used 669K, committed 832K, reserved 1048576K

Card table byte_map: [0x000001bbbd070000,0x000001bbbd480000] _byte_map_base: 0x000001bbbcc70000

Marking Bits: (ParMarkBitMap*) 0x00007ffc64ea44a0
 Begin Bits: [0x000001bbcfb60000, 0x000001bbd1b60000)
 End Bits:   [0x000001bbd1b60000, 0x000001bbd3b60000)

Polling page: 0x000001bbbb6b0000

Metaspace:

Usage:
  Non-class:      5.80 MB used.
      Class:    669.58 KB used.
       Both:      6.45 MB used.

Virtual space:
  Non-class space:       64.00 MB reserved,       5.94 MB (  9%) committed,  1 nodes.
      Class space:        1.00 GB reserved,     832.00 KB ( <1%) committed,  1 nodes.
             Both:        1.06 GB reserved,       6.75 MB ( <1%) committed. 

Chunk freelists:
   Non-Class:  9.70 MB
       Class:  15.05 MB
        Both:  24.75 MB

MaxMetaspaceSize: unlimited
CompressedClassSpaceSize: 1.00 GB
Initial GC threshold: 21.00 MB
Current GC threshold: 21.00 MB
CDS: on
 - commit_granule_bytes: 65536.
 - commit_granule_words: 8192.
 - virtual_space_node_default_size: 8388608.
 - enlarge_chunks_in_place: 1.
 - use_allocation_guard: 0.


Internal statistics:

num_allocs_failed_limit: 0.
num_arena_births: 190.
num_arena_deaths: 0.
num_vsnodes_births: 2.
num_vsnodes_deaths: 0.
num_space_committed: 108.
num_space_uncommitted: 0.
num_chunks_returned_to_freelist: 0.
num_chunks_taken_from_freelist: 328.
num_chunk_merges: 0.
num_chunk_splits: 213.
num_chunks_enlarged: 136.
num_inconsistent_stats: 0.

CodeHeap 'non-profiled nmethods': size=120000Kb used=630Kb max_used=630Kb free=119369Kb
 bounds [0x000001bbc8380000, 0x000001bbc85f0000, 0x000001bbcf8b0000]
CodeHeap 'profiled nmethods': size=120000Kb used=2550Kb max_used=2550Kb free=117449Kb
 bounds [0x000001bbc08b0000, 0x000001bbc0b30000, 0x000001bbc7de0000]
CodeHeap 'non-nmethods': size=5760Kb used=1205Kb max_used=1235Kb free=4554Kb
 bounds [0x000001bbc7de0000, 0x000001bbc8050000, 0x000001bbc8380000]
CodeCache: size=245760Kb, used=4385Kb, max_used=4415Kb, free=241372Kb
 total_blobs=1949, nmethods=1478, adapters=378, full_count=0
Compilation: enabled, stopped_count=0, restarted_count=0

Compilation events (20 events):
Event: 8.513 Thread 0x000001bbbd769b20 nmethod 1368 0x000001bbc0af5c10 code [0x000001bbc0af5de0, 0x000001bbc0af6198]
Event: 8.513 Thread 0x000001bbbd769b20 1371       3       org.lombokweb.asm.ClassReader::getItem (7 bytes)
Event: 8.514 Thread 0x000001bbbd769b20 nmethod 1371 0x000001bbc0af6390 code [0x000001bbc0af6540, 0x000001bbc0af6678]
Event: 8.514 Thread 0x000001bbbd769b20 1370       3       org.lombokweb.asm.ClassReader::readUTF8 (23 bytes)
Event: 8.514 Thread 0x000001bbbd769b20 nmethod 1370 0x000001bbc0af6790 code [0x000001bbc0af6960, 0x000001bbc0af6ba8]
Event: 8.514 Thread 0x000001bbbd769b20 1372       3       org.lombokweb.asm.Symbol::<init> (38 bytes)
Event: 8.514 Thread 0x000001bbbd769b20 nmethod 1372 0x000001bbc0af6c90 code [0x000001bbc0af6e40, 0x000001bbc0af7000]
Event: 8.514 Thread 0x000001bbbd769b20 1373       3       org.lombokweb.asm.SymbolTable::add (39 bytes)
Event: 8.515 Thread 0x000001bbbd769b20 nmethod 1373 0x000001bbc0af7110 code [0x000001bbc0af72c0, 0x000001bbc0af7580]
Event: 8.568 Thread 0x000001bbbd769b20 1374       3       java.net.URI::toString (16 bytes)
Event: 8.568 Thread 0x000001bbbd769b20 nmethod 1374 0x000001bbc0af7710 code [0x000001bbc0af78c0, 0x000001bbc0af7a38]
Event: 8.577 Thread 0x000001bbbd769b20 1375       3       java.lang.String::substring (10 bytes)
Event: 8.578 Thread 0x000001bbbd769b20 nmethod 1375 0x000001bbc0af7b10 code [0x000001bbc0af7ce0, 0x000001bbc0af7f18]
Event: 8.586 Thread 0x000001bbbd75dbc0 1376       4       jdk.internal.jimage.ImageLocation::verify (218 bytes)
Event: 8.608 Thread 0x000001bbbd769b20 1377       3       java.lang.Integer::valueOf (32 bytes)
Event: 8.609 Thread 0x000001bbbd769b20 nmethod 1377 0x000001bbc0af8010 code [0x000001bbc0af81e0, 0x000001bbc0af84e8]
Event: 8.611 Thread 0x000001bbbd769b20 1378       3       org.lombokweb.asm.SymbolTable::hash (10 bytes)
Event: 8.611 Thread 0x000001bbbd769b20 nmethod 1378 0x000001bbc0af8610 code [0x000001bbc0af87c0, 0x000001bbc0af88f0]
Event: 8.613 Thread 0x000001bbbd769b20 1380       3       java.io.File::<init> (20 bytes)
Event: 8.614 Thread 0x000001bbbd769b20 nmethod 1380 0x000001bbc0af8a10 code [0x000001bbc0af8bc0, 0x000001bbc0af8d60]

GC Heap History (2 events):
Event: 5.862 GC heap before
{Heap before GC invocations=1 (full 0):
 PSYoungGen      total 29696K, used 25600K [0x00000000d5580000, 0x00000000d7680000, 0x0000000100000000)
  eden space 25600K, 100% used [0x00000000d5580000,0x00000000d6e80000,0x00000000d6e80000)
  from space 4096K, 0% used [0x00000000d7280000,0x00000000d7280000,0x00000000d7680000)
  to   space 4096K, 0% used [0x00000000d6e80000,0x00000000d6e80000,0x00000000d7280000)
 ParOldGen       total 68608K, used 0K [0x0000000080000000, 0x0000000084300000, 0x00000000d5580000)
  object space 68608K, 0% used [0x0000000080000000,0x0000000080000000,0x0000000084300000)
 Metaspace       used 4374K, committed 4608K, reserved 1114112K
  class space    used 476K, committed 576K, reserved 1048576K
}
Event: 5.880 GC heap after
{Heap after GC invocations=1 (full 0):
 PSYoungGen      total 29696K, used 3271K [0x00000000d5580000, 0x00000000d7680000, 0x0000000100000000)
  eden space 25600K, 0% used [0x00000000d5580000,0x00000000d5580000,0x00000000d6e80000)
  from space 4096K, 79% used [0x00000000d6e80000,0x00000000d71b1e98,0x00000000d7280000)
  to   space 4096K, 0% used [0x00000000d7280000,0x00000000d7280000,0x00000000d7680000)
 ParOldGen       total 68608K, used 16K [0x0000000080000000, 0x0000000084300000, 0x00000000d5580000)
  object space 68608K, 0% used [0x0000000080000000,0x0000000080004000,0x0000000084300000)
 Metaspace       used 4374K, committed 4608K, reserved 1114112K
  class space    used 476K, committed 576K, reserved 1048576K
}

Dll operation events (16 events):
Event: 0.076 Attempting to load shared library c:\Users\Admin\.vscode\extensions\redhat.java-1.56.0-win32-x64\jre\21.0.12.1-win32-x86_64\bin\java.dll
Event: 0.077 Loaded shared library c:\Users\Admin\.vscode\extensions\redhat.java-1.56.0-win32-x64\jre\21.0.12.1-win32-x86_64\bin\java.dll
Event: 0.417 Attempting to load shared library c:\Users\Admin\.vscode\extensions\redhat.java-1.56.0-win32-x64\jre\21.0.12.1-win32-x86_64\bin\zip.dll
Event: 0.425 Loaded shared library c:\Users\Admin\.vscode\extensions\redhat.java-1.56.0-win32-x64\jre\21.0.12.1-win32-x86_64\bin\zip.dll
Event: 0.493 Attempting to load shared library C:\Users\Admin\.vscode\extensions\redhat.java-1.56.0-win32-x64\jre\21.0.12.1-win32-x86_64\bin\instrument.dll
Event: 0.493 Loaded shared library C:\Users\Admin\.vscode\extensions\redhat.java-1.56.0-win32-x64\jre\21.0.12.1-win32-x86_64\bin\instrument.dll
Event: 0.514 Attempting to load shared library C:\Users\Admin\.vscode\extensions\redhat.java-1.56.0-win32-x64\jre\21.0.12.1-win32-x86_64\bin\net.dll
Event: 0.519 Loaded shared library C:\Users\Admin\.vscode\extensions\redhat.java-1.56.0-win32-x64\jre\21.0.12.1-win32-x86_64\bin\net.dll
Event: 0.530 Attempting to load shared library C:\Users\Admin\.vscode\extensions\redhat.java-1.56.0-win32-x64\jre\21.0.12.1-win32-x86_64\bin\nio.dll
Event: 0.533 Loaded shared library C:\Users\Admin\.vscode\extensions\redhat.java-1.56.0-win32-x64\jre\21.0.12.1-win32-x86_64\bin\nio.dll
Event: 0.546 Attempting to load shared library C:\Users\Admin\.vscode\extensions\redhat.java-1.56.0-win32-x64\jre\21.0.12.1-win32-x86_64\bin\zip.dll
Event: 0.547 Loaded shared library C:\Users\Admin\.vscode\extensions\redhat.java-1.56.0-win32-x64\jre\21.0.12.1-win32-x86_64\bin\zip.dll
Event: 0.619 Attempting to load shared library C:\Users\Admin\.vscode\extensions\redhat.java-1.56.0-win32-x64\jre\21.0.12.1-win32-x86_64\bin\jimage.dll
Event: 0.619 Loaded shared library C:\Users\Admin\.vscode\extensions\redhat.java-1.56.0-win32-x64\jre\21.0.12.1-win32-x86_64\bin\jimage.dll
Event: 1.178 Attempting to load shared library c:\Users\Admin\.vscode\extensions\redhat.java-1.56.0-win32-x64\jre\21.0.12.1-win32-x86_64\bin\verify.dll
Event: 1.426 Loaded shared library c:\Users\Admin\.vscode\extensions\redhat.java-1.56.0-win32-x64\jre\21.0.12.1-win32-x86_64\bin\verify.dll

Deoptimization events (20 events):
Event: 6.436 Thread 0x000001bbbb42d320 Uncommon trap: trap_request=0xffffffde fr.pc=0x000001bbc83cc090 relative=0x0000000000000570
Event: 6.438 Thread 0x000001bbbb42d320 Uncommon trap: reason=class_check action=maybe_recompile pc=0x000001bbc83cc090 method=java.util.Collections$UnmodifiableCollection$1.<init>(Ljava/util/Collections$UnmodifiableCollection;)V @ 17 c2
Event: 6.438 Thread 0x000001bbbb42d320 DEOPT PACKING pc=0x000001bbc83cc090 sp=0x0000005c4a3fed50
Event: 6.438 Thread 0x000001bbbb42d320 DEOPT UNPACKING pc=0x000001bbc7e33aa2 sp=0x0000005c4a3fec98 mode 2
Event: 7.567 Thread 0x000001bbbb42d320 Uncommon trap: trap_request=0xffffff45 fr.pc=0x000001bbc83cd8f8 relative=0x0000000000000198
Event: 7.567 Thread 0x000001bbbb42d320 Uncommon trap: reason=unstable_if action=reinterpret pc=0x000001bbc83cd8f8 method=java.lang.invoke.VarHandle.checkAccessModeThenIsDirect(Ljava/lang/invoke/VarHandle$AccessDescriptor;)Z @ 4 c2
Event: 7.567 Thread 0x000001bbbb42d320 DEOPT PACKING pc=0x000001bbc83cd8f8 sp=0x0000005c4a3fed00
Event: 7.567 Thread 0x000001bbbb42d320 DEOPT UNPACKING pc=0x000001bbc7e33aa2 sp=0x0000005c4a3fec58 mode 2
Event: 8.362 Thread 0x000001bbbb42d320 Uncommon trap: trap_request=0xffffff45 fr.pc=0x000001bbc83d353c relative=0x0000000000000ffc
Event: 8.362 Thread 0x000001bbbb42d320 Uncommon trap: reason=unstable_if action=reinterpret pc=0x000001bbc83d353c method=lombok.patcher.PatchScript.classMatches(Ljava/lang/String;Ljava/util/Collection;)Z @ 25 c2
Event: 8.362 Thread 0x000001bbbb42d320 DEOPT PACKING pc=0x000001bbc83d353c sp=0x0000005c4a3f9030
Event: 8.362 Thread 0x000001bbbb42d320 DEOPT UNPACKING pc=0x000001bbc7e33aa2 sp=0x0000005c4a3f8f88 mode 2
Event: 8.590 Thread 0x000001bbbb42d320 Uncommon trap: trap_request=0xffffffc6 fr.pc=0x000001bbc83bbbd0 relative=0x0000000000000290
Event: 8.590 Thread 0x000001bbbb42d320 Uncommon trap: reason=bimorphic_or_optimized_type_check action=maybe_recompile pc=0x000001bbc83bbbd0 method=java.util.Collections$UnmodifiableCollection$1.next()Ljava/lang/Object; @ 4 c2
Event: 8.590 Thread 0x000001bbbb42d320 DEOPT PACKING pc=0x000001bbc83bbbd0 sp=0x0000005c4a3f8ac0
Event: 8.590 Thread 0x000001bbbb42d320 DEOPT UNPACKING pc=0x000001bbc7e33aa2 sp=0x0000005c4a3f8a70 mode 2
Event: 8.590 Thread 0x000001bbbb42d320 Uncommon trap: trap_request=0xffffffc6 fr.pc=0x000001bbc83bbbd0 relative=0x0000000000000290
Event: 8.590 Thread 0x000001bbbb42d320 Uncommon trap: reason=bimorphic_or_optimized_type_check action=maybe_recompile pc=0x000001bbc83bbbd0 method=java.util.Collections$UnmodifiableCollection$1.next()Ljava/lang/Object; @ 4 c2
Event: 8.590 Thread 0x000001bbbb42d320 DEOPT PACKING pc=0x000001bbc83bbbd0 sp=0x0000005c4a3f8ac0
Event: 8.590 Thread 0x000001bbbb42d320 DEOPT UNPACKING pc=0x000001bbc7e33aa2 sp=0x0000005c4a3f8a70 mode 2

Classes loaded (20 events):
Event: 7.947 Loading class java/util/concurrent/SynchronousQueue$Transferer
Event: 7.948 Loading class java/util/concurrent/LinkedTransferQueue
Event: 7.948 Loading class java/util/concurrent/TransferQueue
Event: 7.948 Loading class java/util/concurrent/TransferQueue done
Event: 7.948 Loading class java/util/concurrent/LinkedTransferQueue done
Event: 7.948 Loading class java/util/concurrent/SynchronousQueue$Transferer done
Event: 7.949 Loading class java/util/concurrent/LinkedTransferQueue$DualNode
Event: 7.949 Loading class java/util/concurrent/LinkedTransferQueue$DualNode done
Event: 7.952 Loading class java/util/concurrent/RejectedExecutionHandler
Event: 7.952 Loading class java/util/concurrent/RejectedExecutionHandler done
Event: 7.952 Loading class java/util/concurrent/LinkedBlockingQueue
Event: 7.954 Loading class java/util/concurrent/LinkedBlockingQueue done
Event: 7.954 Loading class java/util/concurrent/LinkedBlockingQueue$Node
Event: 7.954 Loading class java/util/concurrent/LinkedBlockingQueue$Node done
Event: 8.080 Loading class java/util/concurrent/Semaphore$NonfairSync
Event: 8.080 Loading class java/util/concurrent/Semaphore$Sync
Event: 8.081 Loading class java/util/concurrent/Semaphore$Sync done
Event: 8.081 Loading class java/util/concurrent/Semaphore$NonfairSync done
Event: 8.400 Loading class java/lang/TypeNotPresentException
Event: 8.400 Loading class java/lang/TypeNotPresentException done

Classes unloaded (0 events):
No events

Classes redefined (0 events):
No events

Internal exceptions (20 events):
Event: 4.131 Thread 0x000001bbbb42d320 Exception <a 'java/io/FileNotFoundException'{0x00000000d64c97a8}> (0x00000000d64c97a8) 
thrown [s\src\hotspot\share\prims\jni.cpp, line 520]
Event: 4.131 Thread 0x000001bbbb42d320 Exception <a 'java/io/FileNotFoundException'{0x00000000d64ca420}> (0x00000000d64ca420) 
thrown [s\src\hotspot\share\prims\jni.cpp, line 520]
Event: 4.132 Thread 0x000001bbbb42d320 Exception <a 'java/io/FileNotFoundException'{0x00000000d64caf60}> (0x00000000d64caf60) 
thrown [s\src\hotspot\share\prims\jni.cpp, line 520]
Event: 4.180 Thread 0x000001bbbb42d320 Implicit null exception at 0x000001bbc83ae7a4 to 0x000001bbc83aed38
Event: 4.213 Thread 0x000001bbbb42d320 Exception <a 'java/io/FileNotFoundException'{0x00000000d65033b0}> (0x00000000d65033b0) 
thrown [s\src\hotspot\share\prims\jni.cpp, line 520]
Event: 4.277 Thread 0x000001bbbb42d320 Exception <a 'java/lang/NoSuchMethodError'{0x00000000d653c650}: 'java.lang.Object java.lang.invoke.DirectMethodHandle$Holder.invokeInterface(java.lang.Object, java.lang.Object)'> (0x00000000d653c650) 
thrown [s\src\hotspot\share\interpreter\linkResolver.cpp, line 773]
Event: 4.299 Thread 0x000001bbbb42d320 Exception <a 'java/lang/NoSuchMethodError'{0x00000000d654fc88}: 'java.lang.Object java.lang.invoke.Invokers$Holder.invokeExact_MT(java.lang.Object, java.lang.Object, java.lang.Object, java.lang.Object, java.lang.Object, java.lang.Object)'> (0x00000000d654fc88) 
thrown [s\src\hotspot\share\interpreter\linkResolver.cpp, line 773]
Event: 4.313 Thread 0x000001bbbb42d320 Exception <a 'java/lang/NoSuchMethodError'{0x00000000d6566d60}: 'int java.lang.invoke.DirectMethodHandle$Holder.invokeStatic(java.lang.Object, java.lang.Object, java.lang.Object, java.lang.Object, java.lang.Object)'> (0x00000000d6566d60) 
thrown [s\src\hotspot\share\interpreter\linkResolver.cpp, line 773]
Event: 4.528 Thread 0x000001bbbb42d320 Exception <a 'java/lang/NoSuchMethodError'{0x00000000d65fa4c8}: 'java.lang.Object java.lang.invoke.DirectMethodHandle$Holder.invokeInterface(java.lang.Object, java.lang.Object, int)'> (0x00000000d65fa4c8) 
thrown [s\src\hotspot\share\interpreter\linkResolver.cpp, line 773]
Event: 5.428 Thread 0x000001bbbb42d320 Exception <a 'java/lang/NoSuchMethodError'{0x00000000d6a81188}: 'java.lang.ClassLoader java.lang.ClassLoader.getPlatformClassLoader(java.lang.Class)'> (0x00000000d6a81188) 
thrown [s\src\hotspot\share\interpreter\linkResolver.cpp, line 773]
Event: 5.926 Thread 0x000001bbbb42d320 Exception <a 'java/lang/ClassNotFoundException'{0x00000000d55b87f0}: sun/net/www/protocol/c/Handler> (0x00000000d55b87f0) 
thrown [s\src\hotspot\share\classfile\systemDictionary.cpp, line 313]
Event: 5.957 Thread 0x000001bbbb42d320 Exception <a 'java/lang/ClassNotFoundException'{0x00000000d55b9be0}: sun/net/www/protocol/c/Handler> (0x00000000d55b9be0) 
thrown [s\src\hotspot\share\classfile\systemDictionary.cpp, line 313]
Event: 5.958 Thread 0x000001bbbb42d320 Exception <a 'java/lang/ClassNotFoundException'{0x00000000d55bae60}: sun/net/www/protocol/c/Handler> (0x00000000d55bae60) 
thrown [s\src\hotspot\share\classfile\systemDictionary.cpp, line 313]
Event: 5.998 Thread 0x000001bbbb42d320 Exception <a 'java/io/FileNotFoundException'{0x00000000d55e2aa0}> (0x00000000d55e2aa0) 
thrown [s\src\hotspot\share\prims\jni.cpp, line 520]
Event: 6.397 Thread 0x000001bbbb42d320 Implicit null exception at 0x000001bbc83f75c9 to 0x000001bbc83f80a0
Event: 6.398 Thread 0x000001bbbb42d320 Implicit null exception at 0x000001bbc83f389a to 0x000001bbc83f3aa8
Event: 6.401 Thread 0x000001bbbb42d320 Exception <a 'java/lang/NoSuchMethodError'{0x00000000d57142d0}: 'void java.lang.invoke.DirectMethodHandle$Holder.invokeStatic(java.lang.Object, java.lang.Object, java.lang.Object, java.lang.Object)'> (0x00000000d57142d0) 
thrown [s\src\hotspot\share\interpreter\linkResolver.cpp, line 773]
Event: 6.432 Thread 0x000001bbbb42d320 Implicit null exception at 0x000001bbc83e6d3c to 0x000001bbc83e6fc8
Event: 6.433 Thread 0x000001bbbb42d320 Implicit null exception at 0x000001bbc83e5abd to 0x000001bbc83e5b41
Event: 7.683 Thread 0x000001bbbb42d320 Exception <a 'java/lang/NoSuchMethodError'{0x00000000d59d3ec0}: 'void java.lang.invoke.DirectMethodHandle$Holder.invokeSpecial(java.lang.Object, java.lang.Object, java.lang.Object)'> (0x00000000d59d3ec0) 
thrown [s\src\hotspot\share\interpreter\linkResolver.cpp, line 773]

ZGC Phase Switch (0 events):
No events

VM Operations (20 events):
Event: 1.671 Executing safepoint VM operation: Cleanup
Event: 1.671 Executing safepoint VM operation: Cleanup done
Event: 2.680 Executing safepoint VM operation: Cleanup
Event: 2.696 Executing safepoint VM operation: Cleanup done
Event: 3.369 Executing non-safepoint VM operation: HandshakeAllThreads (Deoptimize)
Event: 3.369 Executing non-safepoint VM operation: HandshakeAllThreads (Deoptimize) done
Event: 3.485 Executing non-safepoint VM operation: HandshakeAllThreads (Deoptimize)
Event: 3.486 Executing non-safepoint VM operation: HandshakeAllThreads (Deoptimize) done
Event: 4.493 Executing safepoint VM operation: Cleanup
Event: 4.493 Executing safepoint VM operation: Cleanup done
Event: 5.497 Executing safepoint VM operation: Cleanup
Event: 5.497 Executing safepoint VM operation: Cleanup done
Event: 5.762 Executing non-safepoint VM operation: HandshakeAllThreads (Deoptimize)
Event: 5.762 Executing non-safepoint VM operation: HandshakeAllThreads (Deoptimize) done
Event: 5.862 Executing safepoint VM operation: ParallelGCFailedAllocation (Allocation Failure)
Event: 5.880 Executing safepoint VM operation: ParallelGCFailedAllocation (Allocation Failure) done
Event: 6.891 Executing safepoint VM operation: Cleanup
Event: 6.892 Executing safepoint VM operation: Cleanup done
Event: 7.899 Executing safepoint VM operation: Cleanup
Event: 7.900 Executing safepoint VM operation: Cleanup done

Memory protections (0 events):
No events

Nmethod flushes (0 events):
No events

Events (20 events):
Event: 0.261 Thread 0x000001bbbb42d320 Thread added: 0x000001bbbd750fd0
Event: 0.262 Thread 0x000001bbbb42d320 Thread added: 0x000001bbbd7542c0
Event: 0.265 Thread 0x000001bbbb42d320 Thread added: 0x000001bbbd758850
Event: 0.265 Thread 0x000001bbbb42d320 Thread added: 0x000001bbbd7594b0
Event: 0.266 Thread 0x000001bbbb42d320 Thread added: 0x000001bbbd75c320
Event: 0.266 Thread 0x000001bbbb42d320 Thread added: 0x000001bbbd75cd80
Event: 0.266 Thread 0x000001bbbb42d320 Thread added: 0x000001bbbd75dbc0
Event: 0.267 Thread 0x000001bbbb42d320 Thread added: 0x000001bbbd769b20
Event: 0.445 Thread 0x000001bbbd769b20 Thread added: 0x000001bc16752430
Event: 0.503 Thread 0x000001bbbb42d320 Thread added: 0x000001bc16795a20
Event: 0.551 Thread 0x000001bc16752430 Thread exited: 0x000001bc16752430
Event: 2.316 Thread 0x000001bbbb42d320 Thread added: 0x000001bc168da970
Event: 2.330 Thread 0x000001bbbd769b20 Thread added: 0x000001bc167ebf70
Event: 3.450 Thread 0x000001bbbd769b20 Thread added: 0x000001bc178c8ae0
Event: 3.986 Thread 0x000001bc178c8ae0 Thread exited: 0x000001bc178c8ae0
Event: 3.995 Thread 0x000001bc167ebf70 Thread exited: 0x000001bc167ebf70
Event: 8.172 Thread 0x000001bbbd769b20 Thread added: 0x000001bc168b2f00
Event: 8.217 Thread 0x000001bbbd769b20 Thread added: 0x000001bc17b91750
Event: 8.473 Thread 0x000001bc17b91750 Thread exited: 0x000001bc17b91750
Event: 8.568 Thread 0x000001bc168b2f00 Thread exited: 0x000001bc168b2f00


Dynamic libraries:
0x00007ff7af000000 - 0x00007ff7af00e000 	c:\Users\Admin\.vscode\extensions\redhat.java-1.56.0-win32-x64\jre\21.0.12.1-win32-x86_64\bin\java.exe
0x00007ffd57460000 - 0x00007ffd576c7000 	C:\WINDOWS\SYSTEM32\ntdll.dll
0x00007ffd559d0000 - 0x00007ffd55a9b000 	C:\WINDOWS\System32\KERNEL32.DLL
0x00007ffd54ad0000 - 0x00007ffd54ed1000 	C:\WINDOWS\System32\KERNELBASE.dll
0x00007ffd54660000 - 0x00007ffd547ac000 	C:\WINDOWS\System32\ucrtbase.dll
0x00007ffd2ecd0000 - 0x00007ffd2ece8000 	c:\Users\Admin\.vscode\extensions\redhat.java-1.56.0-win32-x64\jre\21.0.12.1-win32-x86_64\bin\jli.dll
0x00007ffd56f30000 - 0x00007ffd57107000 	C:\WINDOWS\System32\USER32.dll
0x00007ffd55010000 - 0x00007ffd55037000 	C:\WINDOWS\System32\win32u.dll
0x00007ffd566f0000 - 0x00007ffd5671b000 	C:\WINDOWS\System32\GDI32.dll
0x00007ffd54ee0000 - 0x00007ffd55008000 	C:\WINDOWS\System32\gdi32full.dll
0x00007ffd55040000 - 0x00007ffd550e3000 	C:\WINDOWS\System32\msvcp_win.dll
0x00007ffd2df50000 - 0x00007ffd2df6e000 	c:\Users\Admin\.vscode\extensions\redhat.java-1.56.0-win32-x64\jre\21.0.12.1-win32-x86_64\bin\VCRUNTIME140.dll
0x00007ffd53890000 - 0x00007ffd53b20000 	C:\WINDOWS\WinSxS\amd64_microsoft.windows.common-controls_6595b64144ccf1df_6.0.26100.9549_none_3e0a0396e3330090\COMCTL32.dll
0x00007ffd55760000 - 0x00007ffd55809000 	C:\WINDOWS\System32\msvcrt.dll
0x00007ffd55c80000 - 0x00007ffd55cb1000 	C:\WINDOWS\System32\IMM32.DLL
0x00007ffd3c150000 - 0x00007ffd3c15c000 	c:\Users\Admin\.vscode\extensions\redhat.java-1.56.0-win32-x64\jre\21.0.12.1-win32-x86_64\bin\vcruntime140_1.dll
0x00007ffce5cf0000 - 0x00007ffce5d7d000 	c:\Users\Admin\.vscode\extensions\redhat.java-1.56.0-win32-x64\jre\21.0.12.1-win32-x86_64\bin\msvcp140.dll
0x00007ffc641e0000 - 0x00007ffc64f82000 	c:\Users\Admin\.vscode\extensions\redhat.java-1.56.0-win32-x64\jre\21.0.12.1-win32-x86_64\bin\server\jvm.dll
0x00007ffd55910000 - 0x00007ffd559cb000 	C:\WINDOWS\System32\ADVAPI32.dll
0x00007ffd572d0000 - 0x00007ffd57378000 	C:\WINDOWS\System32\sechost.dll
0x00007ffd56e10000 - 0x00007ffd56f28000 	C:\WINDOWS\System32\RPCRT4.dll
0x00007ffd56d80000 - 0x00007ffd56e01000 	C:\WINDOWS\System32\WS2_32.dll
0x00007ffd53e80000 - 0x00007ffd53ede000 	C:\WINDOWS\SYSTEM32\POWRPROF.dll
0x00007ffd52d80000 - 0x00007ffd52d8b000 	C:\WINDOWS\SYSTEM32\VERSION.dll
0x00007ffd49740000 - 0x00007ffd49777000 	C:\WINDOWS\SYSTEM32\WINMM.dll
0x00007ffd53b70000 - 0x00007ffd53b85000 	C:\WINDOWS\SYSTEM32\UMPDC.dll
0x00007ffd52e00000 - 0x00007ffd52e1b000 	C:\WINDOWS\SYSTEM32\kernel.appcore.dll
0x00007ffd3bf50000 - 0x00007ffd3bf5a000 	c:\Users\Admin\.vscode\extensions\redhat.java-1.56.0-win32-x64\jre\21.0.12.1-win32-x86_64\bin\jimage.dll
0x00007ffd53ef0000 - 0x00007ffd5413c000 	C:\WINDOWS\SYSTEM32\DBGHELP.DLL
0x00007ffd551f0000 - 0x00007ffd5557a000 	C:\WINDOWS\System32\combase.dll
0x00007ffd56c50000 - 0x00007ffd56d29000 	C:\WINDOWS\System32\OLEAUT32.dll
0x00007ffd53d70000 - 0x00007ffd53dab000 	C:\WINDOWS\SYSTEM32\dbgcore.DLL
0x00007ffd54950000 - 0x00007ffd549fc000 	C:\WINDOWS\System32\bcryptPrimitives.dll
0x00007ffd35080000 - 0x00007ffd3508f000 	c:\Users\Admin\.vscode\extensions\redhat.java-1.56.0-win32-x64\jre\21.0.12.1-win32-x86_64\bin\instrument.dll
0x00007ffd2c270000 - 0x00007ffd2c290000 	c:\Users\Admin\.vscode\extensions\redhat.java-1.56.0-win32-x64\jre\21.0.12.1-win32-x86_64\bin\java.dll
0x00007ffd55d60000 - 0x00007ffd564fc000 	C:\WINDOWS\System32\SHELL32.dll
0x00007ffd50d70000 - 0x00007ffd5161d000 	C:\WINDOWS\SYSTEM32\windows.storage.dll
0x00007ffd57110000 - 0x00007ffd57209000 	C:\WINDOWS\System32\SHCORE.dll
0x00007ffd56680000 - 0x00007ffd566e6000 	C:\WINDOWS\System32\shlwapi.dll
0x00007ffd54570000 - 0x00007ffd54599000 	C:\WINDOWS\SYSTEM32\profapi.dll
0x00007ffd2c250000 - 0x00007ffd2c268000 	c:\Users\Admin\.vscode\extensions\redhat.java-1.56.0-win32-x64\jre\21.0.12.1-win32-x86_64\bin\zip.dll
0x00007ffd3bcf0000 - 0x00007ffd3bd00000 	C:\Users\Admin\.vscode\extensions\redhat.java-1.56.0-win32-x64\jre\21.0.12.1-win32-x86_64\bin\net.dll
0x00007ffd4b4d0000 - 0x00007ffd4b5fa000 	C:\WINDOWS\SYSTEM32\WINHTTP.dll
0x00007ffd52770000 - 0x00007ffd527dc000 	C:\WINDOWS\system32\mswsock.dll
0x00007ffd28240000 - 0x00007ffd28256000 	C:\Users\Admin\.vscode\extensions\redhat.java-1.56.0-win32-x64\jre\21.0.12.1-win32-x86_64\bin\nio.dll
0x00007ffd2f740000 - 0x00007ffd2f750000 	c:\Users\Admin\.vscode\extensions\redhat.java-1.56.0-win32-x64\jre\21.0.12.1-win32-x86_64\bin\verify.dll

JVMTI agents:
c:\Users\Admin\.vscode\extensions\redhat.java-1.56.0-win32-x64\lombok\lombok-1.18.39-4050.jar path:c:\Users\Admin\.vscode\extensions\redhat.java-1.56.0-win32-x64\jre\21.0.12.1-win32-x86_64\bin\instrument.dll, loaded, initialized, instrumentlib options:none

dbghelp: loaded successfully - version: 4.0.5 - missing functions: none
symbol engine: initialized successfully - sym options: 0x614 - pdb path: .;c:\Users\Admin\.vscode\extensions\redhat.java-1.56.0-win32-x64\jre\21.0.12.1-win32-x86_64\bin;C:\WINDOWS\SYSTEM32;C:\WINDOWS\WinSxS\amd64_microsoft.windows.common-controls_6595b64144ccf1df_6.0.26100.9549_none_3e0a0396e3330090;c:\Users\Admin\.vscode\extensions\redhat.java-1.56.0-win32-x64\jre\21.0.12.1-win32-x86_64\bin\server

VM Arguments:
jvm_args: --add-modules=ALL-SYSTEM --add-opens=java.base/java.util=ALL-UNNAMED --add-opens=java.base/java.lang=ALL-UNNAMED --add-opens=java.base/sun.nio.fs=ALL-UNNAMED -Declipse.application=org.eclipse.jdt.ls.core.id1 -Dosgi.bundles.defaultStartLevel=4 -Declipse.product=org.eclipse.jdt.ls.core.product -Djava.import.generatesMetadataFilesAtProjectRoot=false -Dm2e.project.cache.size=50 -DDetectVMInstallationsJob.disabled=true -Dfile.encoding=utf8 -XX:+UseParallelGC -XX:GCTimeRatio=4 -XX:AdaptiveSizePolicyWeight=90 -Dsun.zip.disableMemoryMapping=true -Xmx2G -Xms100m -Xlog:disable -javaagent:c:\Users\Admin\.vscode\extensions\redhat.java-1.56.0-win32-x64\lombok\lombok-1.18.39-4050.jar 
java_command: c:\Users\Admin\.vscode\extensions\redhat.java-1.56.0-win32-x64\server\plugins\org.eclipse.equinox.launcher_1.8.0.v20260804-1928.jar -configuration c:\Users\Admin\AppData\Roaming\Code\User\globalStorage\redhat.java\1.56.0\config_ss_win -data c:\Users\Admin\AppData\Roaming\Code\User\workspaceStorage\97314a5c7897db1cb834ce774151fa08\redhat.java\ss_ws --pipe=\\.\pipe\lsp-4944be6599af80743f2a1172f2ada0d5-sock
java_class_path (initial): c:\Users\Admin\.vscode\extensions\redhat.java-1.56.0-win32-x64\server\plugins\org.eclipse.equinox.launcher_1.8.0.v20260804-1928.jar
Launcher Type: SUN_STANDARD

[Global flags]
    uintx AdaptiveSizePolicyWeight                 = 90                                        {product} {command line}
     intx CICompilerCount                          = 4                                         {product} {ergonomic}
    uintx GCTimeRatio                              = 4                                         {product} {command line}
   size_t InitialHeapSize                          = 104857600                                 {product} {command line}
   size_t MaxHeapSize                              = 2147483648                                {product} {command line}
   size_t MaxNewSize                               = 715653120                                 {product} {ergonomic}
   size_t MinHeapDeltaBytes                        = 524288                                    {product} {ergonomic}
   size_t MinHeapSize                              = 104857600                                 {product} {command line}
   size_t NewSize                                  = 34603008                                  {product} {ergonomic}
    uintx NonNMethodCodeHeapSize                   = 5839372                                {pd product} {ergonomic}
    uintx NonProfiledCodeHeapSize                  = 122909434                              {pd product} {ergonomic}
   size_t OldSize                                  = 70254592                                  {product} {ergonomic}
    uintx ProfiledCodeHeapSize                     = 122909434                              {pd product} {ergonomic}
    uintx ReservedCodeCacheSize                    = 251658240                              {pd product} {ergonomic}
     bool SegmentedCodeCache                       = true                                      {product} {ergonomic}
   size_t SoftMaxHeapSize                          = 2147483648                             {manageable} {ergonomic}
     bool UseCompressedOops                        = true                           {product lp64_product} {ergonomic}
     bool UseLargePagesIndividualAllocation        = false                                  {pd product} {ergonomic}
     bool UseParallelGC                            = true                                      {product} {command line}

Logging:
Log output configuration:
 #0: stdout all=off uptime,level,tags foldmultilines=false
 #1: stderr all=off uptime,level,tags foldmultilines=false

Release file:
JAVA_VERSION="21.0.12.1" 
MODULES="java.base java.compiler java.datatransfer java.xml java.prefs java.desktop java.instrument java.logging java.management java.security.sasl java.naming java.rmi java.management.rmi java.net.http java.scripting java.security.jgss java.transaction.xa java.sql java.sql.rowset java.xml.crypto java.se java.smartcardio jdk.accessibility jdk.internal.jvmstat jdk.attach jdk.charsets jdk.internal.opt jdk.zipfs jdk.compiler jdk.crypto.ec jdk.crypto.cryptoki jdk.crypto.mscapi jdk.dynalink jdk.internal.ed jdk.editpad jdk.hotspot.agent jdk.httpserver jdk.internal.le jdk.internal.vm.ci jdk.internal.vm.compiler jdk.internal.vm.compiler.management jdk.jartool jdk.javadoc jdk.jcmd jdk.management jdk.management.agent jdk.jconsole jdk.jdeps jdk.jdwp.agent jdk.jdi jdk.jfr jdk.jshell jdk.jsobject jdk.jstatd jdk.localedata jdk.management.jfr jdk.naming.dns jdk.naming.rmi jdk.net jdk.nio.mapmode jdk.random jdk.sctp jdk.security.auth jdk.security.jgss jdk.unsupported jdk.unsupported.desktop jdk.xml.dom" 

Environment Variables:
JAVA_HOME=C:\Users\Admin\.jdks\openjdk-23.0.1
PATH=C:\Program Files\MySQL\MySQL Server 8.4\bin;C:\Python313\Scripts\;C:\Python313\;C:\Program Files\Eclipse Adoptium\jre-8.0.442.6-hotspot\bin;C:\Program Files\AdoptOpenJDK\jre-11.0.11.9-hotspot\bin;C:\Program Files (x86)\AdoptOpenJDK\jre-8.0.292.10-hotspot\bin;C:\WINDOWS\system32;C:\WINDOWS;C:\WINDOWS\System32\Wbem;C:\WINDOWS\System32\WindowsPowerShell\v1.0\;C:\WINDOWS\System32\OpenSSH\;C:\Program Files (x86)\dotnet\;C:\Users\Admin\.jdks\openjdk-23.0.1\bin;C:\Program Files\Microsoft SQL Server\150\Tools\Binn\;C:\ProgramData\chocolatey\bin;C:\Program Files\nodejs\;C:\Program Files\MongoDB\Server\8.0\bin;C:\Program Files\MySQL\MySQL Server 8.4\bin;C:\ffmpeg\bin;C:\Users\Admin\Downloads\ffmpeg-8.0-essentials_build\ffmpeg-8.0-essentials_build\bin;C:\Program Files\Apache\Maven\apache-maven-3.9.9\bin;C:\Program Files\Microsoft SQL Server\170\Tools\Binn\;C:\Program Files\Microsoft SQL Server\Client SDK\ODBC\170\Tools\Binn\;C:\Program Files\Git\cmd;C:\Program Files\Docker\Docker\resources\bin;C:\Program Files\dotnet\;C:\Program Files\MySQL\MySQL Server 8.4\bin;C:\Python313\Scripts\;C:\Python313\;C:\Program Files\Eclipse Adoptium\jre-8.0.442.6-hotspot\bin;C:\Program Files\AdoptOpenJDK\jre-11.0.11.9-hotspot\bin;C:\Program Files (x86)\AdoptOpenJDK\jre-8.0.292.10-hotspot\bin;C:\WINDOWS\system32;C:\WINDOWS;C:\WINDOWS\System32\Wbem;C:\WINDOWS\System32\WindowsPowerShell\v1.0\;C:\WINDOWS\System32\OpenSSH\;C:\Program Files (x86)\dotnet\;C:\Users\Admin\.jdks\openjdk-23.0.1\bin;C:\Program Files\Microsoft SQL Server\150\Tools\Binn\;C:\Program Files\Microsoft SQL Server\Client SDK\ODBC\170\Tools\Binn\;C:\ProgramData\chocolatey\bin;C:\Program Files\nodejs\;C:\Program Files\MongoDB\Server\8.0\bin;C:\Program Files\Docker\Docker\resources\bin;C:\Program Files\MySQL\MySQL Server 8.4\bin;C:\ffmpeg\bin;C:\Users\Admin\Downloads\ffmpeg-8.0-essentials_build\ffmpeg-8.0-essentials_build\bin;C:\Program Files\dotnet\;C:\Program Files (x86)\Windows Kits\10\Windows Performance Toolkit\;C:\Program Files\Apache\Maven\apache-maven-3.9.9\bin;C:\Users\Adm;C:\Users\Admin\AppData\Local\Programs\Microsoft VS Code\bin;C:\Users\Admin\.dotnet\tools;C:\Users\Admin\AppData\Local\GitHubDesktop\bin
USERNAME=Admin
OS=Windows_NT
PROCESSOR_IDENTIFIER=AMD64 Family 23 Model 96 Stepping 1, AuthenticAMD
TMP=C:\Users\Admin\AppData\Local\Temp
TEMP=C:\Users\Admin\AppData\Local\Temp




Periodic native trim disabled

---------------  S Y S T E M  ---------------

OS:
 Windows 11 , 64 bit Build 26100 (10.0.26100.9549)
OS uptime: 4 days 1:41 hours
Hyper-V role detected

CPU: total 12 (initial active 12) (12 cores per cpu, 2 threads per core) family 23 model 96 stepping 1 microcode 0x8600103, cx8, cmov, fxsr, ht, mmx, 3dnowpref, sse, sse2, sse3, ssse3, sse4a, sse4.1, sse4.2, popcnt, lzcnt, tsc, tscinvbit, avx, avx2, aes, clmul, bmi1, bmi2, adx, sha, fma, vzeroupper, clflush, clflushopt, hv, rdtscp, rdpid, f16c
Processor Information for the first 12 processors :
  Max Mhz: 3000, Current Mhz: 3000, Mhz Limit: 3000

Memory: 4k page, system-wide physical 7549M (941M free)
TotalPageFile size 31101M (AvailPageFile size 106M)
current process WorkingSet (physical memory assigned to process): 82M, peak: 82M
current process commit charge ("private bytes"): 244M, peak: 246M

vm_info: OpenJDK 64-Bit Server VM (21.0.12.1+1-LTS) for windows-amd64 JRE (21.0.12.1+1-LTS), built on 2026-08-18T00:00:00Z by "admin" with MS VC++ 17.12 (VS2022)

END.
